// Jest Snapshot v1, https://goo.gl/fbAQLP

exports[`Details page doesnot change unexpectedly 1`] = `
<section
  className="stockDetails"
  style={
    Object {
      "color": "#fff",
    }
  }
>
  <div
    className="container"
  />
</section>
`;
