// Jest Snapshot v1, https://goo.gl/fbAQLP

exports[`StockList container component doesnot change unexpectedly 1`] = `
<section
  className="stock-list"
>
  <div
    className="listContainer container-fluid"
  >
    <section
      className="filters"
    >
      <h2>
        Browse Stocks with Filters:
      </h2>
      <div
        className="container"
      >
        <form
          onSubmit={[Function]}
          style={
            Object {
              "textAlign": "center",
            }
          }
        >
          <div
            className="filters"
          >
            <select
              name="PRICE"
              onChange={[Function]}
              value="All"
            >
              <option
                value="default"
              >
                Select:
                 
                PRICE RANGE
              </option>
              <option
                value="<100"
              >
                &lt;100
              </option>
              <option
                value="100 < Price < 200"
              >
                100 &lt; Price &lt; 200
              </option>
              <option
                value="200 < Price < 300"
              >
                200 &lt; Price &lt; 300
              </option>
              <option
                value="300 < Price < 400"
              >
                300 &lt; Price &lt; 400
              </option>
              <option
                value="400 < Price < 500"
              >
                400 &lt; Price &lt; 500
              </option>
              <option
                value=">500"
              >
                &gt;500
              </option>
            </select>
            <select
              name="EXCHANGE"
              onChange={[Function]}
              value="All"
            >
              <option
                value="default"
              >
                Select:
                 
                EXCHANGE
              </option>
            </select>
            <button
              type="submit"
            >
              Apply
            </button>
          </div>
        </form>
      </div>
    </section>
    <div
      className="px-2 row"
    >
      <div
        className="col"
        style={
          Object {
            "color": "#ff3300",
            "fontSize": "1.3rem",
            "padding": "16px 0",
            "textAlign": "center",
          }
        }
      >
        No stocks in this criterion, hit apply to get all stocks
         
        <span
          style={
            Object {
              "color": "blue",
            }
          }
        >
          or
        </span>
         
        change criterion
      </div>
    </div>
    <ul
      className="myClass"
    >
      <li
        className="previous disabled"
      >
        <a
          aria-disabled="true"
          aria-label="Previous page"
          className="prev"
          onClick={[Function]}
          onKeyPress={[Function]}
          rel="prev"
          role="button"
          tabIndex="0"
        >
          PREV
        </a>
      </li>
      <li
        className="next"
      >
        <a
          aria-disabled="false"
          aria-label="Next page"
          className="next"
          onClick={[Function]}
          onKeyPress={[Function]}
          rel="next"
          role="button"
          tabIndex="0"
        >
          NEXT
        </a>
      </li>
    </ul>
  </div>
</section>
`;
